info:  Game: Gothic3.exe
info:  DXVK: v2.4.1
info:  Found config file: dxvk.conf
info:  Found built-in config:
info:    d3d9.supportDFFormats = False
info:  Effective configuration:
info:    d3d9.presentInterval = 1
info:    d3d9.deferSurfaceCreation = True
info:    d3d9.supportDFFormats = False
info:    dxgi.maxFrameLatency = 1
info:    d3d9.maxFrameLatency = 1
info:  Vulkan: Found vkGetInstanceProcAddr in vulkan-1.dll @ 0x642016f0
info:  Built-in extension providers:
info:    Platform WSI
info:    OpenVR
info:    OpenXR
info:  OpenVR: could not open registry key, status 2
info:  OpenVR: Failed to locate module
info:  Enabled instance extensions:
info:    VK_EXT_surface_maintenance1
info:    VK_KHR_get_surface_capabilities2
info:    VK_KHR_surface
info:    VK_KHR_win32_surface
